2025-09-10 00:49:44.195	INFO	client/client_linux.go:35	client trpc.student.demo.HelloWorldService is empowered with tnet! 🤩 
2025-09-10 00:49:44.196	INFO	client/client_linux.go:35	client  is empowered with tnet! 🤩 
2025-09-10 00:49:44.196	INFO	server/service_linux.go:21	service trpc.student.demo.HelloWorldService with network tcp and protocol trpc is empowered with tnet! 🤩 you can set 'transport: go-net' in your trpc_go.yaml's service configuration to switch to the golang net framework
2025-09-10 00:49:44.196	INFO	tnet/server_transport.go:66	service:trpc.student.demo.HelloWorldService is using tnet transport, current number of pollers: 1
2025-09-10 00:49:44.196	INFO	server/service.go:168	process:81672, trpc service:trpc.student.demo.HelloWorldService launch success, tcp:172.31.60.55:8001, serving ...
2025-09-10 00:49:44.197	INFO	server/service.go:168	process:81672, http service:http.student.demo.HelloWorldService launch success, tcp:172.31.60.55:7001, serving ...
2025-09-10 00:54:09.147	INFO	server/service.go:527	process:81672, trpc service:trpc.student.demo.HelloWorldService, closing ...
2025-09-10 00:54:09.147	INFO	server/service.go:527	process:81672, http service:http.student.demo.HelloWorldService, closing ...
2025-09-10 00:54:09.147	INFO	admin/admin.go:192	process:81672, admin server, closed
2025-09-10 00:54:09.148	INFO	server/service.go:554	process:81672, trpc service:trpc.student.demo.HelloWorldService, closed
2025-09-10 00:54:09.148	INFO	server/service.go:554	process:81672, http service:http.student.demo.HelloWorldService, closed
2025-09-10 00:54:10.799	INFO	client/client_linux.go:35	client trpc.student.demo.HelloWorldService is empowered with tnet! 🤩 
2025-09-10 00:54:10.799	INFO	client/client_linux.go:35	client  is empowered with tnet! 🤩 
2025-09-10 00:54:10.800	INFO	server/service_linux.go:21	service trpc.student.demo.HelloWorldService with network tcp and protocol trpc is empowered with tnet! 🤩 you can set 'transport: go-net' in your trpc_go.yaml's service configuration to switch to the golang net framework
2025-09-10 00:54:10.800	INFO	tnet/server_transport.go:66	service:trpc.student.demo.HelloWorldService is using tnet transport, current number of pollers: 1
2025-09-10 00:54:10.800	INFO	server/service.go:168	process:85142, trpc service:trpc.student.demo.HelloWorldService launch success, tcp:172.31.60.55:8001, serving ...
2025-09-10 00:54:10.801	INFO	server/service.go:168	process:85142, http service:http.student.demo.HelloWorldService launch success, tcp:172.31.60.55:7001, serving ...
2025-09-10 01:27:53.163	INFO	server/service.go:527	process:85142, trpc service:trpc.student.demo.HelloWorldService, closing ...
2025-09-10 01:27:53.163	INFO	server/service.go:527	process:85142, http service:http.student.demo.HelloWorldService, closing ...
2025-09-10 01:27:53.163	INFO	admin/admin.go:192	process:85142, admin server, closed
2025-09-10 01:27:53.166	INFO	server/service.go:554	process:85142, trpc service:trpc.student.demo.HelloWorldService, closed
2025-09-10 01:27:53.175	INFO	server/service.go:554	process:85142, http service:http.student.demo.HelloWorldService, closed
