2025-09-10 00:26:56.512	INFO	client/client_linux.go:35	client tprc.student.demo.HelloWorldService is empowered with tnet! 🤩 
2025-09-10 00:26:56.512	INFO	client/client_linux.go:35	client  is empowered with tnet! 🤩 
2025-09-10 00:26:56.512	INFO	server/service_linux.go:21	service tprc.student.demo.HelloWorldService with network tcp and protocol trpc is empowered with tnet! 🤩 you can set 'transport: go-net' in your trpc_go.yaml's service configuration to switch to the golang net framework
2025-09-10 00:26:56.512	INFO	tnet/server_transport.go:66	service:tprc.student.demo.HelloWorldService is using tnet transport, current number of pollers: 1
2025-09-10 00:26:56.512	INFO	server/service.go:168	process:69810, trpc service:tprc.student.demo.HelloWorldService launch success, tcp:127.0.0.1:8000, serving ...
2025-09-10 00:27:22.764	INFO	admin/admin.go:192	process:69810, admin server, closed
2025-09-10 00:27:22.764	INFO	server/service.go:527	process:69810, trpc service:tprc.student.demo.HelloWorldService, closing ...
2025-09-10 00:27:22.765	INFO	server/service.go:554	process:69810, trpc service:tprc.student.demo.HelloWorldService, closed
2025-09-10 00:28:18.743	INFO	client/client_linux.go:35	client tprc.student.demo.HelloWorldService is empowered with tnet! 🤩 
2025-09-10 00:28:18.744	INFO	client/client_linux.go:35	client  is empowered with tnet! 🤩 
2025-09-10 00:28:18.744	INFO	server/service_linux.go:21	service tprc.student.demo.HelloWorldService with network tcp and protocol trpc is empowered with tnet! 🤩 you can set 'transport: go-net' in your trpc_go.yaml's service configuration to switch to the golang net framework
2025-09-10 00:28:18.744	INFO	tnet/server_transport.go:66	service:tprc.student.demo.HelloWorldService is using tnet transport, current number of pollers: 1
2025-09-10 00:28:18.744	INFO	server/service.go:168	process:70467, trpc service:tprc.student.demo.HelloWorldService launch success, tcp:172.31.60.55:8000, serving ...
2025-09-10 00:33:41.579	INFO	client/client_linux.go:35	client tprc.student.demo.HelloWorldService is empowered with tnet! 🤩 
2025-09-10 00:33:41.580	INFO	client/client_linux.go:35	client  is empowered with tnet! 🤩 
2025-09-10 00:33:41.580	INFO	server/service_linux.go:21	service tprc.student.demo.HelloWorldService with network tcp and protocol trpc is empowered with tnet! 🤩 you can set 'transport: go-net' in your trpc_go.yaml's service configuration to switch to the golang net framework
2025-09-10 00:33:41.580	INFO	tnet/server_transport.go:66	service:tprc.student.demo.HelloWorldService is using tnet transport, current number of pollers: 1
2025-09-10 00:33:41.580	INFO	server/service.go:168	process:72836, trpc service:tprc.student.demo.HelloWorldService launch success, tcp:172.31.60.55:8000, serving ...
2025-09-10 00:34:31.646	INFO	server/service.go:527	process:72836, trpc service:tprc.student.demo.HelloWorldService, closing ...
2025-09-10 00:34:31.646	INFO	admin/admin.go:192	process:72836, admin server, closed
2025-09-10 00:34:31.647	INFO	server/service.go:554	process:72836, trpc service:tprc.student.demo.HelloWorldService, closed
2025-09-10 00:34:34.851	INFO	client/client_linux.go:35	client trpc.student.demo.HelloWorldService is empowered with tnet! 🤩 
2025-09-10 00:34:34.851	INFO	client/client_linux.go:35	client  is empowered with tnet! 🤩 
2025-09-10 00:34:34.851	INFO	server/service_linux.go:21	service tprc.student.demo.HelloWorldService with network tcp and protocol trpc is empowered with tnet! 🤩 you can set 'transport: go-net' in your trpc_go.yaml's service configuration to switch to the golang net framework
2025-09-10 00:34:34.851	INFO	tnet/server_transport.go:66	service:tprc.student.demo.HelloWorldService is using tnet transport, current number of pollers: 1
2025-09-10 00:34:34.852	INFO	server/service.go:168	process:73342, trpc service:tprc.student.demo.HelloWorldService launch success, tcp:172.31.60.55:8000, serving ...
2025-09-10 00:35:36.240	INFO	admin/admin.go:192	process:73342, admin server, closed
2025-09-10 00:35:36.240	INFO	server/service.go:527	process:73342, trpc service:tprc.student.demo.HelloWorldService, closing ...
2025-09-10 00:35:36.240	INFO	server/service.go:554	process:73342, trpc service:tprc.student.demo.HelloWorldService, closed
2025-09-10 00:37:00.898	INFO	client/client_linux.go:35	client tprc.student.demo.HelloWorldService is empowered with tnet! 🤩 
2025-09-10 00:37:00.898	INFO	client/client_linux.go:35	client  is empowered with tnet! 🤩 
2025-09-10 00:37:00.898	INFO	server/service_linux.go:21	service tprc.student.demo.HelloWorldService with network tcp and protocol trpc is empowered with tnet! 🤩 you can set 'transport: go-net' in your trpc_go.yaml's service configuration to switch to the golang net framework
2025-09-10 00:37:00.899	INFO	tnet/server_transport.go:66	service:tprc.student.demo.HelloWorldService is using tnet transport, current number of pollers: 1
2025-09-10 00:37:00.899	INFO	server/service.go:168	process:74518, trpc service:tprc.student.demo.HelloWorldService launch success, tcp:172.31.60.55:8000, serving ...
2025-09-10 00:37:00.899	INFO	server/service.go:168	process:74518, http service:http.student.demo.HelloWorldService launch success, tcp:172.31.60.55:0, serving ...
2025-09-10 00:37:26.729	INFO	admin/admin.go:192	process:74518, admin server, closed
2025-09-10 00:37:26.729	INFO	server/service.go:527	process:74518, http service:http.student.demo.HelloWorldService, closing ...
2025-09-10 00:37:26.729	INFO	server/service.go:527	process:74518, trpc service:tprc.student.demo.HelloWorldService, closing ...
2025-09-10 00:37:26.730	INFO	server/service.go:554	process:74518, trpc service:tprc.student.demo.HelloWorldService, closed
2025-09-10 00:37:26.748	INFO	server/service.go:554	process:74518, http service:http.student.demo.HelloWorldService, closed
2025-09-10 00:37:53.550	INFO	client/client_linux.go:35	client tprc.student.demo.HelloWorldService is empowered with tnet! 🤩 
2025-09-10 00:37:53.551	INFO	client/client_linux.go:35	client  is empowered with tnet! 🤩 
2025-09-10 00:37:53.551	INFO	server/service_linux.go:21	service tprc.student.demo.HelloWorldService with network tcp and protocol trpc is empowered with tnet! 🤩 you can set 'transport: go-net' in your trpc_go.yaml's service configuration to switch to the golang net framework
2025-09-10 00:37:53.551	INFO	tnet/server_transport.go:66	service:tprc.student.demo.HelloWorldService is using tnet transport, current number of pollers: 1
2025-09-10 00:37:53.551	INFO	server/service.go:168	process:74984, trpc service:tprc.student.demo.HelloWorldService launch success, tcp:172.31.60.55:8000, serving ...
2025-09-10 00:37:53.551	INFO	server/service.go:168	process:74984, http service:http.student.demo.HelloWorldService launch success, tcp:172.31.60.55:0, serving ...
2025-09-10 00:39:15.261	INFO	admin/admin.go:192	process:74984, admin server, closed
2025-09-10 00:39:15.261	INFO	server/service.go:527	process:74984, http service:http.student.demo.HelloWorldService, closing ...
2025-09-10 00:39:15.261	INFO	server/service.go:527	process:74984, trpc service:tprc.student.demo.HelloWorldService, closing ...
2025-09-10 00:39:15.263	INFO	server/service.go:554	process:74984, trpc service:tprc.student.demo.HelloWorldService, closed
2025-09-10 00:39:15.281	INFO	server/service.go:554	process:74984, http service:http.student.demo.HelloWorldService, closed
2025-09-10 00:40:17.332	INFO	client/client_linux.go:35	client tprc.student.demo.HelloWorldService is empowered with tnet! 🤩 
2025-09-10 00:40:17.332	INFO	client/client_linux.go:35	client  is empowered with tnet! 🤩 
2025-09-10 00:40:17.332	INFO	server/service_linux.go:21	service tprc.student.demo.HelloWorldService with network tcp and protocol trpc is empowered with tnet! 🤩 you can set 'transport: go-net' in your trpc_go.yaml's service configuration to switch to the golang net framework
2025-09-10 00:40:17.333	INFO	tnet/server_transport.go:66	service:tprc.student.demo.HelloWorldService is using tnet transport, current number of pollers: 1
2025-09-10 00:40:17.333	INFO	server/service.go:168	process:75935, trpc service:tprc.student.demo.HelloWorldService launch success, tcp:172.31.60.55:8000, serving ...
2025-09-10 00:40:17.333	INFO	server/service.go:168	process:75935, http service:http.student.demo.HelloWorldService launch success, tcp:172.31.60.55:7000, serving ...
2025-09-10 00:41:26.440	INFO	admin/admin.go:192	process:75935, admin server, closed
2025-09-10 00:41:26.440	INFO	server/service.go:527	process:75935, http service:http.student.demo.HelloWorldService, closing ...
2025-09-10 00:41:26.440	INFO	server/service.go:527	process:75935, trpc service:tprc.student.demo.HelloWorldService, closing ...
2025-09-10 00:41:26.441	INFO	server/service.go:554	process:75935, trpc service:tprc.student.demo.HelloWorldService, closed
2025-09-10 00:41:26.458	INFO	server/service.go:554	process:75935, http service:http.student.demo.HelloWorldService, closed
2025-09-10 00:42:28.373	INFO	admin/admin.go:192	process:70467, admin server, closed
2025-09-10 00:42:28.373	INFO	server/service.go:527	process:70467, trpc service:tprc.student.demo.HelloWorldService, closing ...
2025-09-10 00:42:28.375	INFO	server/service.go:554	process:70467, trpc service:tprc.student.demo.HelloWorldService, closed
2025-09-10 00:51:22.792	INFO	client/client_linux.go:35	client tprc.student.demo.HelloWorldService is empowered with tnet! 🤩 
2025-09-10 00:51:22.792	INFO	client/client_linux.go:35	client  is empowered with tnet! 🤩 
2025-09-10 00:51:22.792	INFO	server/service_linux.go:21	service tprc.student.demo.HelloWorldService with network tcp and protocol trpc is empowered with tnet! 🤩 you can set 'transport: go-net' in your trpc_go.yaml's service configuration to switch to the golang net framework
2025-09-10 00:51:22.792	INFO	tnet/server_transport.go:66	service:tprc.student.demo.HelloWorldService is using tnet transport, current number of pollers: 1
2025-09-10 00:51:22.792	INFO	server/service.go:168	process:82621, trpc service:tprc.student.demo.HelloWorldService launch success, tcp:172.31.60.55:8000, serving ...
2025-09-10 00:51:22.793	INFO	server/service.go:168	process:82621, http service:http.student.demo.HelloWorldService launch success, tcp:172.31.60.55:7000, serving ...
2025-09-10 00:51:47.457	INFO	admin/admin.go:192	process:82621, admin server, closed
2025-09-10 00:51:47.457	INFO	server/service.go:527	process:82621, http service:http.student.demo.HelloWorldService, closing ...
2025-09-10 00:51:47.457	INFO	server/service.go:527	process:82621, trpc service:tprc.student.demo.HelloWorldService, closing ...
2025-09-10 00:51:47.458	INFO	server/service.go:554	process:82621, trpc service:tprc.student.demo.HelloWorldService, closed
2025-09-10 00:51:47.469	INFO	server/service.go:554	process:82621, http service:http.student.demo.HelloWorldService, closed
2025-09-10 00:53:22.153	INFO	client/client_linux.go:35	client tprc.student.demo.HelloWorldService is empowered with tnet! 🤩 
2025-09-10 00:53:22.153	INFO	client/client_linux.go:35	client  is empowered with tnet! 🤩 
2025-09-10 00:53:22.154	INFO	server/service_linux.go:21	service trpc.student.demo.HelloWorldService with network tcp and protocol trpc is empowered with tnet! 🤩 you can set 'transport: go-net' in your trpc_go.yaml's service configuration to switch to the golang net framework
2025-09-10 00:53:22.154	INFO	tnet/server_transport.go:66	service:trpc.student.demo.HelloWorldService is using tnet transport, current number of pollers: 1
2025-09-10 00:53:22.154	INFO	server/service.go:168	process:84236, trpc service:trpc.student.demo.HelloWorldService launch success, tcp:172.31.60.55:8000, serving ...
2025-09-10 00:53:22.154	INFO	server/service.go:168	process:84236, http service:http.student.demo.HelloWorldService launch success, tcp:172.31.60.55:7000, serving ...
2025-09-10 01:27:59.896	INFO	admin/admin.go:192	process:84236, admin server, closed
2025-09-10 01:27:59.896	INFO	server/service.go:527	process:84236, trpc service:trpc.student.demo.HelloWorldService, closing ...
2025-09-10 01:27:59.896	INFO	server/service.go:527	process:84236, http service:http.student.demo.HelloWorldService, closing ...
2025-09-10 01:27:59.898	INFO	server/service.go:554	process:84236, http service:http.student.demo.HelloWorldService, closed
2025-09-10 01:27:59.898	INFO	server/service.go:554	process:84236, trpc service:trpc.student.demo.HelloWorldService, closed
